  |       |         |        |    
--+-------+---------+--------+----
9 |Николай|Иванович |Синичкин|71,6
10|Пётр   |Андреевич|Орлов   |28,4
